
> auditsoft-frontend@0.1.0 build
> react-scripts build

Creating an optimized production build...
Compiled with warnings.

[eslint] 
src\App.tsx
  Line 2:25:  'Navigate' is defined but never used  @typescript-eslint/no-unused-vars

src\components\ActionPlansModule.tsx
  Line 54:10:  'finding' is assigned a value but never used                                                                  @typescript-eslint/no-unused-vars
  Line 69:6:   React Hook useEffect has a missing dependency: 'fetchData'. Either include it or remove the dependency array  react-hooks/exhaustive-deps

src\components\AuditProgramsModule.tsx
  Line 20:3:   'Select' is defined but never used       @typescript-eslint/no-unused-vars
  Line 21:3:   'InputLabel' is defined but never used   @typescript-eslint/no-unused-vars
  Line 22:3:   'FormControl' is defined but never used  @typescript-eslint/no-unused-vars
  Line 29:10:  'Audit' is defined but never used        @typescript-eslint/no-unused-vars

src\pages\AuditPlansPage.tsx
  Line 11:3:  'useMediaQuery' is defined but never used   @typescript-eslint/no-unused-vars
  Line 47:9:  'theme' is assigned a value but never used  @typescript-eslint/no-unused-vars

src\pages\AuditProgramsPage.tsx
  Line 21:3:   'Alert' is defined but never used                                                                                               @typescript-eslint/no-unused-vars
  Line 208:6:  React Hook useMemo has missing dependencies: 'handleDelete' and 'navigate'. Either include them or remove the dependency array  react-hooks/exhaustive-deps

src\pages\AuditUniversePage.tsx
  Line 58:9:  'isManager' is assigned a value but never used  @typescript-eslint/no-unused-vars

src\pages\AuditWorkpaperPage.tsx
  Line 18:5:   'Chip' is defined but never used                                                                             @typescript-eslint/no-unused-vars
  Line 28:20:  'CheckCircleIcon' is defined but never used                                                                  @typescript-eslint/no-unused-vars
  Line 57:8:   React Hook useEffect has a missing dependency: 'loadData'. Either include it or remove the dependency array  react-hooks/exhaustive-deps

src\pages\AuditsPage.tsx
  Line 36:3:    'List' is defined but never used                                                                                                             @typescript-eslint/no-unused-vars
  Line 37:3:    'ListItem' is defined but never used                                                                                                         @typescript-eslint/no-unused-vars
  Line 38:3:    'ListItemIcon' is defined but never used                                                                                                     @typescript-eslint/no-unused-vars
  Line 39:3:    'ListItemText' is defined but never used                                                                                                     @typescript-eslint/no-unused-vars
  Line 40:3:    'Divider' is defined but never used                                                                                                          @typescript-eslint/no-unused-vars
  Line 55:8:    'PlayArrowIcon' is defined but never used                                                                                                    @typescript-eslint/no-unused-vars
  Line 56:8:    'PictureAsPdfIcon' is defined but never used                                                                                                 @typescript-eslint/no-unused-vars
  Line 57:8:    'DescriptionIcon' is defined but never used                                                                                                  @typescript-eslint/no-unused-vars
  Line 60:8:    'WarningIcon' is defined but never used                                                                                                      @typescript-eslint/no-unused-vars
  Line 61:8:    'ErrorIcon' is defined but never used                                                                                                        @typescript-eslint/no-unused-vars
  Line 62:8:    'HistoryIcon' is defined but never used                                                                                                      @typescript-eslint/no-unused-vars
  Line 122:10:  'tabValue' is assigned a value but never used                                                                                                @typescript-eslint/no-unused-vars
  Line 122:20:  'setTabValue' is assigned a value but never used                                                                                             @typescript-eslint/no-unused-vars
  Line 124:9:   'handleDownloadPDF' is assigned a value but never used                                                                                       @typescript-eslint/no-unused-vars
  Line 179:9:   'handleDownloadWord' is assigned a value but never used                                                                                      @typescript-eslint/no-unused-vars
  Line 507:6:   React Hook useCallback has a missing dependency: 'currentUser?.role'. Either include it or remove the dependency array                       react-hooks/exhaustive-deps
  Line 566:9:   'handleApproveReport' is assigned a value but never used                                                                                     @typescript-eslint/no-unused-vars
  Line 809:6:   React Hook useMemo has missing dependencies: 'handleCloseAudit' and 'handleDeleteAudit'. Either include them or remove the dependency array  react-hooks/exhaustive-deps

src\pages\ContinuousAuditsPage.tsx
  Line 5:3:    'Card' is defined but never used              @typescript-eslint/no-unused-vars
  Line 6:3:    'CardContent' is defined but never used       @typescript-eslint/no-unused-vars
  Line 12:3:   'Grid' is defined but never used              @typescript-eslint/no-unused-vars
  Line 13:3:   'IconButton' is defined but never used        @typescript-eslint/no-unused-vars
  Line 17:3:   'CircularProgress' is defined but never used  @typescript-eslint/no-unused-vars
  Line 18:3:   'Tooltip' is defined but never used           @typescript-eslint/no-unused-vars
  Line 22:34:  'EditIcon' is defined but never used          @typescript-eslint/no-unused-vars

src\pages\ControlMappingPage.tsx
  Line 19:3:  'ListItemSecondaryAction' is defined but never used  @typescript-eslint/no-unused-vars
  Line 23:3:  'Tooltip' is defined but never used                  @typescript-eslint/no-unused-vars
  Line 27:8:  'EditIcon' is defined but never used                 @typescript-eslint/no-unused-vars

src\pages\CoverageAnalysisPage.tsx
  Line 57:9:  'COLORS' is assigned a value but never used  @typescript-eslint/no-unused-vars

src\pages\CustomReportsPage.tsx
  Line 1:27:  'useEffect' is defined but never used         @typescript-eslint/no-unused-vars
  Line 7:3:   'FormControlLabel' is defined but never used  @typescript-eslint/no-unused-vars
  Line 8:3:   'Checkbox' is defined but never used          @typescript-eslint/no-unused-vars
  Line 14:3:  'Chip' is defined but never used              @typescript-eslint/no-unused-vars
  Line 15:3:  'OutlinedInput' is defined but never used     @typescript-eslint/no-unused-vars

src\pages\DashboardPage.tsx
  Line 39:15:    'BusinessIcon' is defined but never used               @typescript-eslint/no-unused-vars
  Line 40:15:    'TimelineIcon' is defined but never used               @typescript-eslint/no-unused-vars
  Line 42:11:    'EditIcon' is defined but never used                   @typescript-eslint/no-unused-vars
  Line 129:10:   'loading' is assigned a value but never used           @typescript-eslint/no-unused-vars
  Line 395:10:   'loading' is assigned a value but never used           @typescript-eslint/no-unused-vars
  Line 583:7:    'ManagerDashboard' is assigned a value but never used  @typescript-eslint/no-unused-vars
  Line 1005:10:  'tasks' is assigned a value but never used             @typescript-eslint/no-unused-vars
  Line 1008:10:  'loading' is assigned a value but never used           @typescript-eslint/no-unused-vars
  Line 1364:10:  'loading' is assigned a value but never used           @typescript-eslint/no-unused-vars

src\pages\EvidencePage.tsx
  Line 345:9:  'getStatusColorMapped' is assigned a value but never used  @typescript-eslint/no-unused-vars

src\pages\FindingsPage.tsx
  Line 21:8:   'EditIcon' is defined but never used                                                                              @typescript-eslint/no-unused-vars
  Line 23:8:   'AssignmentIcon' is defined but never used                                                                        @typescript-eslint/no-unused-vars
  Line 56:10:  'currentUser' is assigned a value but never used                                                                  @typescript-eslint/no-unused-vars
  Line 102:9:  'isManager' is assigned a value but never used                                                                    @typescript-eslint/no-unused-vars
  Line 103:9:  'isAuditor' is assigned a value but never used                                                                    @typescript-eslint/no-unused-vars
  Line 128:6:  React Hook useEffect has a missing dependency: 'fetchFindings'. Either include it or remove the dependency array  react-hooks/exhaustive-deps

src\pages\MessagingPage.tsx
  Line 87:6:   React Hook useEffect has a missing dependency: 'fetchConversations'. Either include it or remove the dependency array  react-hooks/exhaustive-deps
  Line 115:6:  React Hook useEffect has a missing dependency: 'fetchConversations'. Either include it or remove the dependency array  react-hooks/exhaustive-deps

src\pages\NotificationsPage.tsx
  Line 16:20:  'NotificationsIcon' is defined but never used  @typescript-eslint/no-unused-vars
  Line 38:10:  'loading' is assigned a value but never used   @typescript-eslint/no-unused-vars

src\pages\OperationalReportsPage.tsx
  Line 7:3:   'Card' is defined but never used                      @typescript-eslint/no-unused-vars
  Line 8:3:   'CardContent' is defined but never used               @typescript-eslint/no-unused-vars
  Line 25:7:  'SEVERITY_COLORS' is assigned a value but never used  @typescript-eslint/no-unused-vars

src\pages\RemediationPage.tsx
  Line 55:6:  React Hook useEffect has a missing dependency: 'fetchAssignedFindings'. Either include it or remove the dependency array  react-hooks/exhaustive-deps
  Line 66:6:  React Hook useEffect has a missing dependency: 'fetchExistingEvidence'. Either include it or remove the dependency array  react-hooks/exhaustive-deps

src\pages\ReportsFilesPage.tsx
  Line 18:51:  'FileIcon' is defined but never used  @typescript-eslint/no-unused-vars

src\pages\RiskHeatmapPage.tsx
  Line 4:3:    'Card' is defined but never used              @typescript-eslint/no-unused-vars
  Line 5:3:    'CardContent' is defined but never used       @typescript-eslint/no-unused-vars
  Line 6:3:    'Grid' is defined but never used              @typescript-eslint/no-unused-vars
  Line 29:9:   'theme' is assigned a value but never used    @typescript-eslint/no-unused-vars
  Line 31:10:  'loading' is assigned a value but never used  @typescript-eslint/no-unused-vars

src\pages\RiskKRIsPage.tsx
  Line 18:3:   'useTheme' is defined but never used      @typescript-eslint/no-unused-vars
  Line 21:66:  'TrendingUp' is defined but never used    @typescript-eslint/no-unused-vars
  Line 21:78:  'TrendingDown' is defined but never used  @typescript-eslint/no-unused-vars
  Line 21:92:  'TrendingFlat' is defined but never used  @typescript-eslint/no-unused-vars

src\pages\RiskRegisterPage.tsx
  Line 37:9:  'theme' is assigned a value but never used  @typescript-eslint/no-unused-vars

src\pages\StandardsLibraryPage.tsx
  Line 19:3:    'Grid' is defined but never used             @typescript-eslint/no-unused-vars
  Line 242:15:  'result' is assigned a value but never used  @typescript-eslint/no-unused-vars

src\pages\StrategicAuditPlanPage.tsx
  Line 62:6:  React Hook useEffect has a missing dependency: 'fetchAnnualPlan'. Either include it or remove the dependency array  react-hooks/exhaustive-deps

src\pages\WorkflowConfigPage.tsx
  Line 5:3:  'Paper' is defined but never used  @typescript-eslint/no-unused-vars

Search for the keywords to learn more about each warning.
To ignore, add // eslint-disable-next-line to the line before.

File sizes after gzip:

  562.63 kB (+7.58 kB)  build\static\js\main.e69ae09b.js
  2.99 kB               build\static\css\main.39404f23.css
  1.77 kB               build\static\js\453.6c7fe447.chunk.js

The bundle size is significantly larger than recommended.
Consider reducing it with code splitting: https://goo.gl/9VhYWB
You can also analyze the project dependencies: https://goo.gl/LeUzfb

The project was built assuming it is hosted at /.
You can control this with the homepage field in your package.json.

The build folder is ready to be deployed.
You may serve it with a static server:

  serve -s build

Find out more about deployment here:

  https://cra.link/deployment

